// Jest Snapshot v1, https://goo.gl/fbAQLP

exports[`basic snapshot 1`] = `
.c1 {
  padding-bottom: 0;
  padding-left: 0;
  padding-right: 10px;
  padding-top: 0;
}

.c0 {
  width: 100%;
}

.c0 fieldset {
  border-color: transparent;
  margin: 0;
  padding: 0;
}

<div
  className={undefined}
>
  <div
    className="c0"
  >
    <fieldset>
      <div
        className="c1"
      >
        SelectableItem(undefined)
      </div>
      <div
        className="c1"
      >
        SelectableItem(undefined)
      </div>
      <div
        className="c1"
      >
        SelectableItem(undefined)
      </div>
    </fieldset>
  </div>
</div>
`;
