// Jest Snapshot v1, https://goo.gl/fbAQLP

exports[`basic snapshot 1`] = `
Array [
  .c0 {
  -webkit-font-smoothing: antialiased;
  color: #3c3c3c;
  font-family: 'Source Sans Pro','Helvetica Neue',Helvetica,sans-serif;
  font-size: 14px;
  font-style: normal;
  font-stretch: normal;
  font-weight: 600;
  -webkit-letter-spacing: .02em;
  -moz-letter-spacing: .02em;
  -ms-letter-spacing: .02em;
  letter-spacing: .02em;
  line-height: 1.25;
  line-height: 24px;
  -webkit-letter-spacing: 0.3px;
  -moz-letter-spacing: 0.3px;
  -ms-letter-spacing: 0.3px;
  letter-spacing: 0.3px;
}

<div
    className="c0"
  >
    Credit cards
  </div>,
  .c0 {
  margin-top: 5px;
  margin-bottom: 15px;
}

<div
    className="c0"
  >
    SelectableList(undefined)
  </div>,
  .c0 {
  -webkit-font-smoothing: antialiased;
  color: #3c3c3c;
  font-family: 'Source Sans Pro','Helvetica Neue',Helvetica,sans-serif;
  font-size: 14px;
  font-style: normal;
  font-stretch: normal;
  font-weight: 600;
  -webkit-letter-spacing: .02em;
  -moz-letter-spacing: .02em;
  -ms-letter-spacing: .02em;
  letter-spacing: .02em;
  line-height: 1.25;
  line-height: 24px;
  -webkit-letter-spacing: 0.3px;
  -moz-letter-spacing: 0.3px;
  -ms-letter-spacing: 0.3px;
  letter-spacing: 0.3px;
}

<div
    className="c0"
  >
    Other payment methods
  </div>,
  .c0 {
  margin-top: 5px;
  margin-bottom: 15px;
}

<div
    className="c0"
  >
    SelectableList(undefined)
  </div>,
  .c0 {
  -webkit-font-smoothing: antialiased;
  color: #505558;
  font-family: 'Source Sans Pro','Helvetica Neue',Helvetica,sans-serif;
  font-size: 18px;
  font-style: normal;
  font-stretch: normal;
  font-weight: 600;
  -webkit-letter-spacing: .03em;
  -moz-letter-spacing: .03em;
  -ms-letter-spacing: .03em;
  letter-spacing: .03em;
  line-height: 1.25;
  padding-bottom: 10px;
  padding-top: 15px;
}

<div
    className="c0"
  >
    Billing address
  </div>,
  <div
    className=""
  >
    SelectableList(undefined)
  </div>,
]
`;
